
> innogram-next@0.1.0 build
> next build

⚠ Warning: Next.js inferred your workspace root, but it may not be correct.
 We detected multiple lockfiles and selected the directory of /home/opax/Work/Innogram/package-lock.json as the root directory.
 To silence this warning, set `turbopack.root` in your Next.js config, or consider removing one of the lockfiles if it's not needed.
   See https://nextjs.org/docs/app/api-reference/config/next-config-js/turbopack#root-directory for more information.
 Detected additional lockfiles: 
   * /home/opax/Work/Innogram/apps/client_app/package-lock.json

▲ Next.js 16.2.9 (Turbopack)

  Creating an optimized production build ...
⚠ It looks like there is a custom Babel configuration that can be removed.
  Using external babel configuration from /home/opax/Work/Innogram/apps/client_app/babel.config.js
(node:159009) [DEP0205] DeprecationWarning: `module.register()` is deprecated. Use `module.registerHooks()` instead.
(Use `node --trace-deprecation ...` to show where the warning was created)
npm error Lifecycle script `build` failed with error:
npm error code 130
npm error path /home/opax/Work/Innogram/apps/client_app
npm error workspace innogram-next@0.1.0
npm error location /home/opax/Work/Innogram/apps/client_app
npm error command failed
npm error command sh -c next build
